// Jest Snapshot v1, https://goo.gl/fbAQLP

exports[`MainPage component  MainPage render 1`] = `
Object {
  "asFragment": [Function],
  "baseElement": <body>
    <div>
      <div
        class="main_page"
      >
        <div
          class="main_advice"
        >
          <h2>
            10 ways to make your day as productive as possible
          </h2>
          <ol>
            <li>
              <p>
                Every Sunday night, make plans for the week
              </p>
            </li>
            <li>
              <p>
                Set aside time in advance for specific tasks
              </p>
            </li>
            <li>
              <p>
                Make sure the list of tasks is achievable
              </p>
            </li>
            <li>
              <p>
                Set up a 30-minute default meeting
              </p>
            </li>
            <li>
              <p>
                Say no multitasking
              </p>
            </li>
            <li>
              <p>
                Try to make the best use of «border» time
              </p>
            </li>
            <li>
              <p>
                Watch the time
              </p>
            </li>
            <li>
              <p>
                Think about dinner
              </p>
            </li>
            <li>
              <p>
                Don’t take up any of the time you have to spend with your family
              </p>
            </li>
            <li>
              <p>
                Start every day right
              </p>
            </li>
          </ol>
        </div>
        <div
          class="main_img"
        >
          <img
            alt="time"
            src="https://ik.imagekit.io/s2fpg15d4rx/time_NifncTLm-ND.jpg"
          />
          <img
            alt="glasses"
            src="https://ik.imagekit.io/s2fpg15d4rx/glasses1_4_fSdw54Wgo.jpg"
          />
        </div>
      </div>
    </div>
  </body>,
  "container": <div>
    <div
      class="main_page"
    >
      <div
        class="main_advice"
      >
        <h2>
          10 ways to make your day as productive as possible
        </h2>
        <ol>
          <li>
            <p>
              Every Sunday night, make plans for the week
            </p>
          </li>
          <li>
            <p>
              Set aside time in advance for specific tasks
            </p>
          </li>
          <li>
            <p>
              Make sure the list of tasks is achievable
            </p>
          </li>
          <li>
            <p>
              Set up a 30-minute default meeting
            </p>
          </li>
          <li>
            <p>
              Say no multitasking
            </p>
          </li>
          <li>
            <p>
              Try to make the best use of «border» time
            </p>
          </li>
          <li>
            <p>
              Watch the time
            </p>
          </li>
          <li>
            <p>
              Think about dinner
            </p>
          </li>
          <li>
            <p>
              Don’t take up any of the time you have to spend with your family
            </p>
          </li>
          <li>
            <p>
              Start every day right
            </p>
          </li>
        </ol>
      </div>
      <div
        class="main_img"
      >
        <img
          alt="time"
          src="https://ik.imagekit.io/s2fpg15d4rx/time_NifncTLm-ND.jpg"
        />
        <img
          alt="glasses"
          src="https://ik.imagekit.io/s2fpg15d4rx/glasses1_4_fSdw54Wgo.jpg"
        />
      </div>
    </div>
  </div>,
  "debug": [Function],
  "findAllByAltText": [Function],
  "findAllByDisplayValue": [Function],
  "findAllByLabelText": [Function],
  "findAllByPlaceholderText": [Function],
  "findAllByRole": [Function],
  "findAllByTestId": [Function],
  "findAllByText": [Function],
  "findAllByTitle": [Function],
  "findByAltText": [Function],
  "findByDisplayValue": [Function],
  "findByLabelText": [Function],
  "findByPlaceholderText": [Function],
  "findByRole": [Function],
  "findByTestId": [Function],
  "findByText": [Function],
  "findByTitle": [Function],
  "getAllByAltText": [Function],
  "getAllByDisplayValue": [Function],
  "getAllByLabelText": [Function],
  "getAllByPlaceholderText": [Function],
  "getAllByRole": [Function],
  "getAllByTestId": [Function],
  "getAllByText": [Function],
  "getAllByTitle": [Function],
  "getByAltText": [Function],
  "getByDisplayValue": [Function],
  "getByLabelText": [Function],
  "getByPlaceholderText": [Function],
  "getByRole": [Function],
  "getByTestId": [Function],
  "getByText": [Function],
  "getByTitle": [Function],
  "queryAllByAltText": [Function],
  "queryAllByDisplayValue": [Function],
  "queryAllByLabelText": [Function],
  "queryAllByPlaceholderText": [Function],
  "queryAllByRole": [Function],
  "queryAllByTestId": [Function],
  "queryAllByText": [Function],
  "queryAllByTitle": [Function],
  "queryByAltText": [Function],
  "queryByDisplayValue": [Function],
  "queryByLabelText": [Function],
  "queryByPlaceholderText": [Function],
  "queryByRole": [Function],
  "queryByTestId": [Function],
  "queryByText": [Function],
  "queryByTitle": [Function],
  "rerender": [Function],
  "unmount": [Function],
}
`;

exports[`MainPage component  MainPage snapshot 1`] = `
Object {
  "asFragment": [Function],
  "baseElement": <body>
    <div>
      <div
        class="main_page"
      >
        <div
          class="main_advice"
        >
          <h2>
            10 ways to make your day as productive as possible
          </h2>
          <ol>
            <li>
              <p>
                Every Sunday night, make plans for the week
              </p>
            </li>
            <li>
              <p>
                Set aside time in advance for specific tasks
              </p>
            </li>
            <li>
              <p>
                Make sure the list of tasks is achievable
              </p>
            </li>
            <li>
              <p>
                Set up a 30-minute default meeting
              </p>
            </li>
            <li>
              <p>
                Say no multitasking
              </p>
            </li>
            <li>
              <p>
                Try to make the best use of «border» time
              </p>
            </li>
            <li>
              <p>
                Watch the time
              </p>
            </li>
            <li>
              <p>
                Think about dinner
              </p>
            </li>
            <li>
              <p>
                Don’t take up any of the time you have to spend with your family
              </p>
            </li>
            <li>
              <p>
                Start every day right
              </p>
            </li>
          </ol>
        </div>
        <div
          class="main_img"
        >
          <img
            alt="time"
            src="https://ik.imagekit.io/s2fpg15d4rx/time_NifncTLm-ND.jpg"
          />
          <img
            alt="glasses"
            src="https://ik.imagekit.io/s2fpg15d4rx/glasses1_4_fSdw54Wgo.jpg"
          />
        </div>
      </div>
    </div>
  </body>,
  "container": <div>
    <div
      class="main_page"
    >
      <div
        class="main_advice"
      >
        <h2>
          10 ways to make your day as productive as possible
        </h2>
        <ol>
          <li>
            <p>
              Every Sunday night, make plans for the week
            </p>
          </li>
          <li>
            <p>
              Set aside time in advance for specific tasks
            </p>
          </li>
          <li>
            <p>
              Make sure the list of tasks is achievable
            </p>
          </li>
          <li>
            <p>
              Set up a 30-minute default meeting
            </p>
          </li>
          <li>
            <p>
              Say no multitasking
            </p>
          </li>
          <li>
            <p>
              Try to make the best use of «border» time
            </p>
          </li>
          <li>
            <p>
              Watch the time
            </p>
          </li>
          <li>
            <p>
              Think about dinner
            </p>
          </li>
          <li>
            <p>
              Don’t take up any of the time you have to spend with your family
            </p>
          </li>
          <li>
            <p>
              Start every day right
            </p>
          </li>
        </ol>
      </div>
      <div
        class="main_img"
      >
        <img
          alt="time"
          src="https://ik.imagekit.io/s2fpg15d4rx/time_NifncTLm-ND.jpg"
        />
        <img
          alt="glasses"
          src="https://ik.imagekit.io/s2fpg15d4rx/glasses1_4_fSdw54Wgo.jpg"
        />
      </div>
    </div>
  </div>,
  "debug": [Function],
  "findAllByAltText": [Function],
  "findAllByDisplayValue": [Function],
  "findAllByLabelText": [Function],
  "findAllByPlaceholderText": [Function],
  "findAllByRole": [Function],
  "findAllByTestId": [Function],
  "findAllByText": [Function],
  "findAllByTitle": [Function],
  "findByAltText": [Function],
  "findByDisplayValue": [Function],
  "findByLabelText": [Function],
  "findByPlaceholderText": [Function],
  "findByRole": [Function],
  "findByTestId": [Function],
  "findByText": [Function],
  "findByTitle": [Function],
  "getAllByAltText": [Function],
  "getAllByDisplayValue": [Function],
  "getAllByLabelText": [Function],
  "getAllByPlaceholderText": [Function],
  "getAllByRole": [Function],
  "getAllByTestId": [Function],
  "getAllByText": [Function],
  "getAllByTitle": [Function],
  "getByAltText": [Function],
  "getByDisplayValue": [Function],
  "getByLabelText": [Function],
  "getByPlaceholderText": [Function],
  "getByRole": [Function],
  "getByTestId": [Function],
  "getByText": [Function],
  "getByTitle": [Function],
  "queryAllByAltText": [Function],
  "queryAllByDisplayValue": [Function],
  "queryAllByLabelText": [Function],
  "queryAllByPlaceholderText": [Function],
  "queryAllByRole": [Function],
  "queryAllByTestId": [Function],
  "queryAllByText": [Function],
  "queryAllByTitle": [Function],
  "queryByAltText": [Function],
  "queryByDisplayValue": [Function],
  "queryByLabelText": [Function],
  "queryByPlaceholderText": [Function],
  "queryByRole": [Function],
  "queryByTestId": [Function],
  "queryByText": [Function],
  "queryByTitle": [Function],
  "rerender": [Function],
  "unmount": [Function],
}
`;
